<?xml version="1.0" encoding="utf-8"?><testsuites><testsuite name="pytest" errors="0" failures="0" skipped="0" tests="4" time="0.047" timestamp="2022-11-23T14:57:37.314378" hostname="andreead0-virtual-machine"><testcase classname="calculator.test_calculator.TestCalculator" name="test_addition" time="0.001" /><testcase classname="calculator.test_calculator.TestCalculator" name="test_addition2" time="0.002" /><testcase classname="calculator.test_calculator.TestCalculator" name="test_substraction" time="0.001" /><testcase classname="calculator.test_calculator.TestCalculator" name="test_multiplication" time="0.001" /></testsuite></testsuites>